Archive member included to satisfy reference by file (symbol)

/opt/st/stm32cubeide_1.17.0/plugins/com.st.stm32cube.ide.mcu.externaltools.gnu-tools-for-stm32.12.3.rel1.linux64_1.1.0.202410170702/tools/bin/../lib/gcc/arm-none-eabi/12.3.1/../../../../arm-none-eabi/lib/thumb/v7e-m+fp/hard/libc_nano.a(libc_a-exit.o)
                              /opt/st/stm32cubeide_1.17.0/plugins/com.st.stm32cube.ide.mcu.externaltools.gnu-tools-for-stm32.12.3.rel1.linux64_1.1.0.202410170702/tools/bin/../lib/gcc/arm-none-eabi/12.3.1/../../../../arm-none-eabi/lib/thumb/v7e-m+fp/hard/crt0.o (exit)
/opt/st/stm32cubeide_1.17.0/plugins/com.st.stm32cube.ide.mcu.externaltools.gnu-tools-for-stm32.12.3.rel1.linux64_1.1.0.202410170702/tools/bin/../lib/gcc/arm-none-eabi/12.3.1/../../../../arm-none-eabi/lib/thumb/v7e-m+fp/hard/libc_nano.a(libc_a-findfp.o)
                              /opt/st/stm32cubeide_1.17.0/plugins/com.st.stm32cube.ide.mcu.externaltools.gnu-tools-for-stm32.12.3.rel1.linux64_1.1.0.202410170702/tools/bin/../lib/gcc/arm-none-eabi/12.3.1/../../../../arm-none-eabi/lib/thumb/v7e-m+fp/hard/libc_nano.a(libc_a-exit.o) (__stdio_exit_handler)
/opt/st/stm32cubeide_1.17.0/plugins/com.st.stm32cube.ide.mcu.externaltools.gnu-tools-for-stm32.12.3.rel1.linux64_1.1.0.202410170702/tools/bin/../lib/gcc/arm-none-eabi/12.3.1/../../../../arm-none-eabi/lib/thumb/v7e-m+fp/hard/libc_nano.a(libc_a-fwalk.o)
                              /opt/st/stm32cubeide_1.17.0/plugins/com.st.stm32cube.ide.mcu.externaltools.gnu-tools-for-stm32.12.3.rel1.linux64_1.1.0.202410170702/tools/bin/../lib/gcc/arm-none-eabi/12.3.1/../../../../arm-none-eabi/lib/thumb/v7e-m+fp/hard/libc_nano.a(libc_a-findfp.o) (_fwalk_sglue)
/opt/st/stm32cubeide_1.17.0/plugins/com.st.stm32cube.ide.mcu.externaltools.gnu-tools-for-stm32.12.3.rel1.linux64_1.1.0.202410170702/tools/bin/../lib/gcc/arm-none-eabi/12.3.1/../../../../arm-none-eabi/lib/thumb/v7e-m+fp/hard/libc_nano.a(libc_a-stdio.o)
                              /opt/st/stm32cubeide_1.17.0/plugins/com.st.stm32cube.ide.mcu.externaltools.gnu-tools-for-stm32.12.3.rel1.linux64_1.1.0.202410170702/tools/bin/../lib/gcc/arm-none-eabi/12.3.1/../../../../arm-none-eabi/lib/thumb/v7e-m+fp/hard/libc_nano.a(libc_a-findfp.o) (__sread)
/opt/st/stm32cubeide_1.17.0/plugins/com.st.stm32cube.ide.mcu.externaltools.gnu-tools-for-stm32.12.3.rel1.linux64_1.1.0.202410170702/tools/bin/../lib/gcc/arm-none-eabi/12.3.1/../../../../arm-none-eabi/lib/thumb/v7e-m+fp/hard/libc_nano.a(libc_a-memset.o)
                              /opt/st/stm32cubeide_1.17.0/plugins/com.st.stm32cube.ide.mcu.externaltools.gnu-tools-for-stm32.12.3.rel1.linux64_1.1.0.202410170702/tools/bin/../lib/gcc/arm-none-eabi/12.3.1/../../../../arm-none-eabi/lib/thumb/v7e-m+fp/hard/crt0.o (memset)
/opt/st/stm32cubeide_1.17.0/plugins/com.st.stm32cube.ide.mcu.externaltools.gnu-tools-for-stm32.12.3.rel1.linux64_1.1.0.202410170702/tools/bin/../lib/gcc/arm-none-eabi/12.3.1/../../../../arm-none-eabi/lib/thumb/v7e-m+fp/hard/libc_nano.a(libc_a-closer.o)
                              /opt/st/stm32cubeide_1.17.0/plugins/com.st.stm32cube.ide.mcu.externaltools.gnu-tools-for-stm32.12.3.rel1.linux64_1.1.0.202410170702/tools/bin/../lib/gcc/arm-none-eabi/12.3.1/../../../../arm-none-eabi/lib/thumb/v7e-m+fp/hard/libc_nano.a(libc_a-stdio.o) (_close_r)
/opt/st/stm32cubeide_1.17.0/plugins/com.st.stm32cube.ide.mcu.externaltools.gnu-tools-for-stm32.12.3.rel1.linux64_1.1.0.202410170702/tools/bin/../lib/gcc/arm-none-eabi/12.3.1/../../../../arm-none-eabi/lib/thumb/v7e-m+fp/hard/libc_nano.a(libc_a-reent.o)
                              /opt/st/stm32cubeide_1.17.0/plugins/com.st.stm32cube.ide.mcu.externaltools.gnu-tools-for-stm32.12.3.rel1.linux64_1.1.0.202410170702/tools/bin/../lib/gcc/arm-none-eabi/12.3.1/../../../../arm-none-eabi/lib/thumb/v7e-m+fp/hard/libc_nano.a(libc_a-closer.o) (errno)
/opt/st/stm32cubeide_1.17.0/plugins/com.st.stm32cube.ide.mcu.externaltools.gnu-tools-for-stm32.12.3.rel1.linux64_1.1.0.202410170702/tools/bin/../lib/gcc/arm-none-eabi/12.3.1/../../../../arm-none-eabi/lib/thumb/v7e-m+fp/hard/libc_nano.a(libc_a-impure.o)
                              /opt/st/stm32cubeide_1.17.0/plugins/com.st.stm32cube.ide.mcu.externaltools.gnu-tools-for-stm32.12.3.rel1.linux64_1.1.0.202410170702/tools/bin/../lib/gcc/arm-none-eabi/12.3.1/../../../../arm-none-eabi/lib/thumb/v7e-m+fp/hard/libc_nano.a(libc_a-reent.o) (_impure_ptr)
/opt/st/stm32cubeide_1.17.0/plugins/com.st.stm32cube.ide.mcu.externaltools.gnu-tools-for-stm32.12.3.rel1.linux64_1.1.0.202410170702/tools/bin/../lib/gcc/arm-none-eabi/12.3.1/../../../../arm-none-eabi/lib/thumb/v7e-m+fp/hard/libc_nano.a(libc_a-lseekr.o)
                              /opt/st/stm32cubeide_1.17.0/plugins/com.st.stm32cube.ide.mcu.externaltools.gnu-tools-for-stm32.12.3.rel1.linux64_1.1.0.202410170702/tools/bin/../lib/gcc/arm-none-eabi/12.3.1/../../../../arm-none-eabi/lib/thumb/v7e-m+fp/hard/libc_nano.a(libc_a-stdio.o) (_lseek_r)
[...]
Memory Configuration

Name             Origin             Length             Attributes
CCMRAM           0x10000000         0x00010000         xrw
RAM              0x20000000         0x00020000         xrw
FLASH            0x08000000         0x00100000         xr
*default*        0x00000000         0xffffffff

Linker script and memory map

LOAD /opt/st/stm32cubeide_1.17.0/plugins/com.st.stm32cube.ide.mcu.externaltools.gnu-tools-for-stm32.12.3.rel1.linux64_1.1.0.202410170702/tools/bin/../lib/gcc/arm-none-eabi/12.3.1/thumb/v7e-m+fp/hard/crti.o
LOAD /opt/st/stm32cubeide_1.17.0/plugins/com.st.stm32cube.ide.mcu.externaltools.gnu-tools-for-stm32.12.3.rel1.linux64_1.1.0.202410170702/tools/bin/../lib/gcc/arm-none-eabi/12.3.1/thumb/v7e-m+fp/hard/crtbegin.o
LOAD /opt/st/stm32cubeide_1.17.0/plugins/com.st.stm32cube.ide.mcu.externaltools.gnu-tools-for-stm32.12.3.rel1.linux64_1.1.0.202410170702/tools/bin/../lib/gcc/arm-none-eabi/12.3.1/../../../../arm-none-eabi/lib/thumb/v7e-m+fp/hard/crt0.o
LOAD ./Core/Src/can.o
LOAD ./Core/Src/dma.o
LOAD ./Core/Src/gpio.o
LOAD ./Core/Src/main.o
LOAD ./Core/Src/sdio.o
LOAD ./Core/Src/stm32f4xx_hal_msp.o
LOAD ./Core/Src/stm32f4xx_it.o
LOAD ./Core/Src/syscalls.o
LOAD ./Core/Src/sysmem.o
LOAD ./Core/Src/system_stm32f4xx.o
LOAD ./Core/Src/tim.o
LOAD ./Core/Startup/startup_stm32f405rgtx.o
LOAD ./Drivers/STM32F4xx_HAL_Driver/Src/stm32f4xx_hal.o
LOAD ./Drivers/STM32F4xx_HAL_Driver/Src/stm32f4xx_hal_can.o
LOAD ./Drivers/STM32F4xx_HAL_Driver/Src/stm32f4xx_hal_cortex.o
LOAD ./Drivers/STM32F4xx_HAL_Driver/Src/stm32f4xx_hal_dma.o
LOAD ./Drivers/STM32F4xx_HAL_Driver/Src/stm32f4xx_hal_dma_ex.o
LOAD ./Drivers/STM32F4xx_HAL_Driver/Src/stm32f4xx_hal_exti.o
LOAD ./Drivers/STM32F4xx_HAL_Driver/Src/stm32f4xx_hal_flash.o
LOAD ./Drivers/STM32F4xx_HAL_Driver/Src/stm32f4xx_hal_flash_ex.o
LOAD ./Drivers/STM32F4xx_HAL_Driver/Src/stm32f4xx_hal_flash_ramfunc.o
LOAD ./Drivers/STM32F4xx_HAL_Driver/Src/stm32f4xx_hal_gpio.o
LOAD ./Drivers/STM32F4xx_HAL_Driver/Src/stm32f4xx_hal_mmc.o
LOAD ./Drivers/STM32F4xx_HAL_Driver/Src/stm32f4xx_hal_pwr.o
LOAD ./Drivers/STM32F4xx_HAL_Driver/Src/stm32f4xx_hal_pwr_ex.o
LOAD ./Drivers/STM32F4xx_HAL_Driver/Src/stm32f4xx_hal_rcc.o
LOAD ./Drivers/STM32F4xx_HAL_Driver/Src/stm32f4xx_hal_rcc_ex.o
LOAD ./Drivers/STM32F4xx_HAL_Driver/Src/stm32f4xx_hal_sd.o
LOAD ./Drivers/STM32F4xx_HAL_Driver/Src/stm32f4xx_hal_tim.o
LOAD ./Drivers/STM32F4xx_HAL_Driver/Src/stm32f4xx_hal_tim_ex.o
LOAD ./Drivers/STM32F4xx_HAL_Driver/Src/stm32f4xx_ll_sdmmc.o
START GROUP
LOAD /opt/st/stm32cubeide_1.17.0/plugins/com.st.stm32cube.ide.mcu.externaltools.gnu-tools-for-stm32.12.3.rel1.linux64_1.1.0.202410170702/tools/bin/../lib/gcc/arm-none-eabi/12.3.1/../../../../arm-none-eabi/lib/thumb/v7e-m+fp/hard/libstdc++_nano.a
LOAD /opt/st/stm32cubeide_1.17.0/plugins/com.st.stm32cube.ide.mcu.externaltools.gnu-tools-for-stm32.12.3.rel1.linux64_1.1.0.202410170702/tools/bin/../lib/gcc/arm-none-eabi/12.3.1/../../../../arm-none-eabi/lib/thumb/v7e-m+fp/hard/libsupc++_nano.a
END GROUP
LOAD /opt/st/stm32cubeide_1.17.0/plugins/com.st.stm32cube.ide.mcu.externaltools.gnu-tools-for-stm32.12.3.rel1.linux64_1.1.0.202410170702/tools/bin/../lib/gcc/arm-none-eabi/12.3.1/../../../../arm-none-eabi/lib/thumb/v7e-m+fp/hard/libstdc++_nano.a
LOAD /opt/st/stm32cubeide_1.17.0/plugins/com.st.stm32cube.ide.mcu.externaltools.gnu-tools-for-stm32.12.3.rel1.linux64_1.1.0.202410170702/tools/bin/../lib/gcc/arm-none-eabi/12.3.1/../../../../arm-none-eabi/lib/thumb/v7e-m+fp/hard/libm.a
LOAD /opt/st/stm32cubeide_1.17.0/plugins/com.st.stm32cube.ide.mcu.externaltools.gnu-tools-for-stm32.12.3.rel1.linux64_1.1.0.202410170702/tools/bin/../lib/gcc/arm-none-eabi/12.3.1/../../../../arm-none-eabi/lib/thumb/v7e-m+fp/hard/libc_nano.a
START GROUP
LOAD /opt/st/stm32cubeide_1.17.0/plugins/com.st.stm32cube.ide.mcu.externaltools.gnu-tools-for-stm32.12.3.rel1.linux64_1.1.0.202410170702/tools/bin/../lib/gcc/arm-none-eabi/12.3.1/thumb/v7e-m+fp/hard/libgcc.a
LOAD /opt/st/stm32cubeide_1.17.0/plugins/com.st.stm32cube.ide.mcu.externaltools.gnu-tools-for-stm32.12.3.rel1.linux64_1.1.0.202410170702/tools/bin/../lib/gcc/arm-none-eabi/12.3.1/../../../../arm-none-eabi/lib/thumb/v7e-m+fp/hard/libc_nano.a
END GROUP
START GROUP
LOAD /opt/st/stm32cubeide_1.17.0/plugins/com.st.stm32cube.ide.mcu.externaltools.gnu-tools-for-stm32.12.3.rel1.linux64_1.1.0.202410170702/tools/bin/../lib/gcc/arm-none-eabi/12.3.1/thumb/v7e-m+fp/hard/libgcc.a
LOAD /opt/st/stm32cubeide_1.17.0/plugins/com.st.stm32cube.ide.mcu.externaltools.gnu-tools-for-stm32.12.3.rel1.linux64_1.1.0.202410170702/tools/bin/../lib/gcc/arm-none-eabi/12.3.1/../../../../arm-none-eabi/lib/thumb/v7e-m+fp/hard/libc_nano.a
END GROUP
LOAD /opt/st/stm32cubeide_1.17.0/plugins/com.st.stm32cube.ide.mcu.externaltools.gnu-tools-for-stm32.12.3.rel1.linux64_1.1.0.202410170702/tools/bin/../lib/gcc/arm-none-eabi/12.3.1/thumb/v7e-m+fp/hard/crtend.o
LOAD /opt/st/stm32cubeide_1.17.0/plugins/com.st.stm32cube.ide.mcu.externaltools.gnu-tools-for-stm32.12.3.rel1.linux64_1.1.0.202410170702/tools/bin/../lib/gcc/arm-none-eabi/12.3.1/thumb/v7e-m+fp/hard/crtn.o
                0x20020000                        _estack = (ORIGIN (RAM) + LENGTH (RAM))
                0x00000200                        _Min_Heap_Size = 0x200
                0x00000400                        _Min_Stack_Size = 0x400

.isr_vector     0x08000000      0x188
                0x08000000                        . = ALIGN (0x4)
 *(.isr_vector)
 .isr_vector    0x08000000      0x188 ./Core/Startup/startup_stm32f405rgtx.o
                0x08000000                g_pfnVectors
                0x08000188                        . = ALIGN (0x4)

.text           0x08000188     0x4a28
                0x08000188                        . = ALIGN (0x4)
 *(.text)
 .text          0x08000188       0x40 /opt/st/stm32cubeide_1.17.0/plugins/com.st.stm32cube.ide.mcu.externaltools.gnu-tools-for-stm32.12.3.rel1.linux64_1.1.0.202410170702/tools/bin/../lib/gcc/arm-none-eabi/12.3.1/thumb/v7e-m+fp/hard/crtbegin.o
 .text          0x080001c8       0x30 /opt/st/stm32cubeide_1.17.0/plugins/com.st.stm32cube.ide.mcu.externaltools.gnu-tools-for-stm32.12.3.rel1.linux64_1.1.0.202410170702/tools/bin/../lib/gcc/arm-none-eabi/12.3.1/thumb/v7e-m+fp/hard/libgcc.a(_aeabi_uldivmod.o)
                0x080001c8                __aeabi_uldivmod
 .text          0x080001f8      0x2bc /opt/st/stm32cubeide_1.17.0/plugins/com.st.stm32cube.ide.mcu.externaltools.gnu-tools-for-stm32.12.3.rel1.linux64_1.1.0.202410170702/tools/bin/../lib/gcc/arm-none-eabi/12.3.1/thumb/v7e-m+fp/hard/libgcc.a(_udivmoddi4.o)
                0x080001f8                __udivmoddi4
 .text          0x080004b4        0x4 /opt/st/stm32cubeide_1.17.0/plugins/com.st.stm32cube.ide.mcu.externaltools.gnu-tools-for-stm32.12.3.rel1.linux64_1.1.0.202410170702/tools/bin/../lib/gcc/arm-none-eabi/12.3.1/thumb/v7e-m+fp/hard/libgcc.a(_dvmd_tls.o)
                0x080004b4                __aeabi_ldiv0
                0x080004b4                __aeabi_idiv0
 *(.text*)
 .text.MX_CAN1_Init
                0x080004b8       0x68 ./Core/Src/can.o
                0x080004b8                MX_CAN1_Init
 .text.HAL_CAN_MspInit
                0x08000520       0x90 ./Core/Src/can.o
                0x08000520                HAL_CAN_MspInit
 .text.MX_DMA_Init
                0x080005b0       0x50 ./Core/Src/dma.o
                0x080005b0                MX_DMA_Init
 .text.MX_GPIO_Init
                0x08000600      0x170 ./Core/Src/gpio.o
                0x08000600                MX_GPIO_Init
 .text.main     0x08000770       0x58 ./Core/Src/main.o
                0x08000770                main
 .text.SystemClock_Config
                0x080007c8       0xd4 ./Core/Src/main.o
                0x080007c8                SystemClock_Config
 .text.Error_Handler
                0x0800089c        0xc ./Core/Src/main.o
                0x0800089c                Error_Handler
 .text.MX_SDIO_SD_Init
                0x080008a8       0x4c ./Core/Src/sdio.o
                0x080008a8                MX_SDIO_SD_Init
 .text.HAL_SD_MspInit
                0x080008f4      0x1e0 ./Core/Src/sdio.o
                0x080008f4                HAL_SD_MspInit
 .text.HAL_MspInit
                0x08000ad4       0x50 ./Core/Src/stm32f4xx_hal_msp.o
                0x08000ad4                HAL_MspInit
 .text.NMI_Handler
                0x08000b24        0x8 ./Core/Src/stm32f4xx_it.o
                0x08000b24                NMI_Handler
 .text.HardFault_Handler
                0x08000b2c        0x8 ./Core/Src/stm32f4xx_it.o
                0x08000b2c                HardFault_Handler
 .text.MemManage_Handler
                0x08000b34        0x8 ./Core/Src/stm32f4xx_it.o
                0x08000b34                MemManage_Handler
 .text.BusFault_Handler
                0x08000b3c        0x8 ./Core/Src/stm32f4xx_it.o
                0x08000b3c                BusFault_Handler
 .text.UsageFault_Handler
                0x08000b44        0x8 ./Core/Src/stm32f4xx_it.o
                0x08000b44                UsageFault_Handler
 .text.SVC_Handler
                0x08000b4c        0xe ./Core/Src/stm32f4xx_it.o
                0x08000b4c                SVC_Handler
 .text.DebugMon_Handler
                0x08000b5a        0xe ./Core/Src/stm32f4xx_it.o
                0x08000b5a                DebugMon_Handler
 .text.PendSV_Handler
                0x08000b68        0xe ./Core/Src/stm32f4xx_it.o
                0x08000b68                PendSV_Handler
 .text.SysTick_Handler
                0x08000b76        0xc ./Core/Src/stm32f4xx_it.o
                0x08000b76                SysTick_Handler
 *fill*         0x08000b82        0x2 
 .text.SDIO_IRQHandler
                0x08000b84       0x14 ./Core/Src/stm32f4xx_it.o
                0x08000b84                SDIO_IRQHandler
 .text.DMA2_Stream3_IRQHandler
                0x08000b98       0x14 ./Core/Src/stm32f4xx_it.o
                0x08000b98                DMA2_Stream3_IRQHandler
 .text.DMA2_Stream6_IRQHandler
                0x08000bac       0x14 ./Core/Src/stm32f4xx_it.o
                0x08000bac                DMA2_Stream6_IRQHandler
 .text.SystemInit
                0x08000bc0       0x24 ./Core/Src/system_stm32f4xx.o
                0x08000bc0                SystemInit
 .text.MX_TIM2_Init
                0x08000be4       0xf4 ./Core/Src/tim.o
                0x08000be4                MX_TIM2_Init
 .text.MX_TIM3_Init
                0x08000cd8       0xa8 ./Core/Src/tim.o
                0x08000cd8                MX_TIM3_Init
 .text.MX_TIM4_Init
                0x08000d80       0xa8 ./Core/Src/tim.o
                0x08000d80                MX_TIM4_Init
 .text.MX_TIM8_Init
                0x08000e28       0xa0 ./Core/Src/tim.o
                0x08000e28                MX_TIM8_Init
 .text.HAL_TIM_PWM_MspInit
                0x08000ec8       0x40 ./Core/Src/tim.o
                0x08000ec8                HAL_TIM_PWM_MspInit
 .text.HAL_TIM_Encoder_MspInit
                0x08000f08       0xf8 ./Core/Src/tim.o
                0x08000f08                HAL_TIM_Encoder_MspInit
 .text.HAL_TIM_Base_MspInit
                0x08001000       0x44 ./Core/Src/tim.o
                0x08001000                HAL_TIM_Base_MspInit
 .text.HAL_TIM_MspPostInit
                0x08001044       0x70 ./Core/Src/tim.o
                0x08001044                HAL_TIM_MspPostInit
 .text.Reset_Handler
                0x080010b4       0x50 ./Core/Startup/startup_stm32f405rgtx.o
                0x080010b4                Reset_Handler
 .text.Default_Handler
                0x08001104        0x2 ./Core/Startup/startup_stm32f405rgtx.o
                0x08001104                RTC_Alarm_IRQHandler
                0x08001104                HASH_RNG_IRQHandler
                0x08001104                EXTI2_IRQHandler
                0x08001104                TIM8_CC_IRQHandler
                0x08001104                TIM1_CC_IRQHandler
                0x08001104                DMA2_Stream5_IRQHandler
                0x08001104                DMA1_Stream5_IRQHandler
                0x08001104                PVD_IRQHandler
                0x08001104                TAMP_STAMP_IRQHandler
                0x08001104                CAN2_RX1_IRQHandler
                0x08001104                EXTI3_IRQHandler
                0x08001104                TIM8_TRG_COM_TIM14_IRQHandler
                0x08001104                TIM1_UP_TIM10_IRQHandler
                0x08001104                TIM8_UP_TIM13_IRQHandler
                0x08001104                I2C3_ER_IRQHandler
                0x08001104                EXTI0_IRQHandler
                0x08001104                I2C2_EV_IRQHandler
                0x08001104                DMA1_Stream2_IRQHandler
                0x08001104                CAN1_RX0_IRQHandler
                0x08001104                FPU_IRQHandler
                0x08001104                OTG_HS_WKUP_IRQHandler
                0x08001104                CAN2_SCE_IRQHandler
                0x08001104                DMA2_Stream2_IRQHandler
                0x08001104                SPI1_IRQHandler
                0x08001104                TIM6_DAC_IRQHandler
                0x08001104                TIM1_BRK_TIM9_IRQHandler
                0x08001104                CAN2_RX0_IRQHandler
                0x08001104                USART6_IRQHandler
                0x08001104                USART3_IRQHandler
                0x08001104                CAN1_RX1_IRQHandler
                0x08001104                UART5_IRQHandler
                0x08001104                DMA2_Stream0_IRQHandler
                0x08001104                TIM4_IRQHandler
                0x08001104                I2C1_EV_IRQHandler
                0x08001104                DMA1_Stream6_IRQHandler
                0x08001104                DMA1_Stream1_IRQHandler
                0x08001104                UART4_IRQHandler
                0x08001104                TIM3_IRQHandler
                0x08001104                RCC_IRQHandler
                0x08001104                TIM8_BRK_TIM12_IRQHandler
                0x08001104                Default_Handler
                0x08001104                EXTI15_10_IRQHandler
                0x08001104                ADC_IRQHandler
                0x08001104                DMA1_Stream7_IRQHandler
                0x08001104                TIM7_IRQHandler
                0x08001104                CAN2_TX_IRQHandler
                0x08001104                TIM5_IRQHandler
                0x08001104                DMA2_Stream7_IRQHandler
                0x08001104                I2C3_EV_IRQHandler
                0x08001104                EXTI9_5_IRQHandler
                0x08001104                RTC_WKUP_IRQHandler
                0x08001104                SPI2_IRQHandler
                0x08001104                OTG_HS_EP1_IN_IRQHandler
                0x08001104                DMA1_Stream0_IRQHandler
                0x08001104                CAN1_TX_IRQHandler
                0x08001104                EXTI4_IRQHandler
                0x08001104                FSMC_IRQHandler
                0x08001104                OTG_HS_EP1_OUT_IRQHandler
                0x08001104                WWDG_IRQHandler
                0x08001104                TIM2_IRQHandler
                0x08001104                OTG_FS_WKUP_IRQHandler
                0x08001104                TIM1_TRG_COM_TIM11_IRQHandler
                0x08001104                OTG_HS_IRQHandler
                0x08001104                EXTI1_IRQHandler
                0x08001104                USART2_IRQHandler
                0x08001104                I2C2_ER_IRQHandler
                0x08001104                DMA2_Stream1_IRQHandler
                0x08001104                CAN1_SCE_IRQHandler
                0x08001104                FLASH_IRQHandler
                0x08001104                DMA2_Stream4_IRQHandler
                0x08001104                USART1_IRQHandler
                0x08001104                OTG_FS_IRQHandler
                0x08001104                SPI3_IRQHandler
                0x08001104                DMA1_Stream4_IRQHandler
                0x08001104                I2C1_ER_IRQHandler
                0x08001104                DMA1_Stream3_IRQHandler
 *fill*         0x08001106        0x2 
 .text.HAL_Init
                0x08001108       0x44 ./Drivers/STM32F4xx_HAL_Driver/Src/stm32f4xx_hal.o
                0x08001108                HAL_Init
 .text.HAL_InitTick
                0x0800114c       0x60 ./Drivers/STM32F4xx_HAL_Driver/Src/stm32f4xx_hal.o
                0x0800114c                HAL_InitTick
 .text.HAL_IncTick
                0x080011ac       0x28 ./Drivers/STM32F4xx_HAL_Driver/Src/stm32f4xx_hal.o
                0x080011ac                HAL_IncTick
 .text.HAL_GetTick
                0x080011d4       0x18 ./Drivers/STM32F4xx_HAL_Driver/Src/stm32f4xx_hal.o
                0x080011d4                HAL_GetTick
 .text.HAL_Delay
                0x080011ec       0x48 ./Drivers/STM32F4xx_HAL_Driver/Src/stm32f4xx_hal.o
                0x080011ec                HAL_Delay
 .text.HAL_CAN_Init
                0x08001234      0x1f6 ./Drivers/STM32F4xx_HAL_Driver/Src/stm32f4xx_hal_can.o
                0x08001234                HAL_CAN_Init
 *fill*         0x0800142a        0x2 
 .text.__NVIC_SetPriorityGrouping
                0x0800142c       0x48 ./Drivers/STM32F4xx_HAL_Driver/Src/stm32f4xx_hal_cortex.o
 .text.__NVIC_GetPriorityGrouping
                0x08001474       0x1c ./Drivers/STM32F4xx_HAL_Driver/Src/stm32f4xx_hal_cortex.o
 .text.__NVIC_EnableIRQ
                0x08001490       0x3c ./Drivers/STM32F4xx_HAL_Driver/Src/stm32f4xx_hal_cortex.o
 .text.__NVIC_SetPriority
                0x080014cc       0x54 ./Drivers/STM32F4xx_HAL_Driver/Src/stm32f4xx_hal_cortex.o
 .text.NVIC_EncodePriority
                0x08001520       0x66 ./Drivers/STM32F4xx_HAL_Driver/Src/stm32f4xx_hal_cortex.o
 *fill*         0x08001586        0x2 
 .text.SysTick_Config
                0x08001588       0x44 ./Drivers/STM32F4xx_HAL_Driver/Src/stm32f4xx_hal_cortex.o
 .text.HAL_NVIC_SetPriorityGrouping
                0x080015cc       0x16 ./Drivers/STM32F4xx_HAL_Driver/Src/stm32f4xx_hal_cortex.o
                0x080015cc                HAL_NVIC_SetPriorityGrouping
 .text.HAL_NVIC_SetPriority
                0x080015e2       0x38 ./Drivers/STM32F4xx_HAL_Driver/Src/stm32f4xx_hal_cortex.o
                0x080015e2                HAL_NVIC_SetPriority
 .text.HAL_NVIC_EnableIRQ
                0x0800161a       0x1c ./Drivers/STM32F4xx_HAL_Driver/Src/stm32f4xx_hal_cortex.o
                0x0800161a                HAL_NVIC_EnableIRQ
 .text.HAL_SYSTICK_Config
                0x08001636       0x18 ./Drivers/STM32F4xx_HAL_Driver/Src/stm32f4xx_hal_cortex.o
                0x08001636                HAL_SYSTICK_Config
 *fill*         0x0800164e        0x2 
 .text.HAL_DMA_Init
                0x08001650      0x15c ./Drivers/STM32F4xx_HAL_Driver/Src/stm32f4xx_hal_dma.o
                0x08001650                HAL_DMA_Init
 .text.HAL_DMA_Abort_IT
                0x080017ac       0x44 ./Drivers/STM32F4xx_HAL_Driver/Src/stm32f4xx_hal_dma.o
                0x080017ac                HAL_DMA_Abort_IT
 .text.HAL_DMA_IRQHandler
                0x080017f0      0x314 ./Drivers/STM32F4xx_HAL_Driver/Src/stm32f4xx_hal_dma.o
                0x080017f0                HAL_DMA_IRQHandler
 .text.DMA_CalcBaseAndBitshift
                0x08001b04       0x6c ./Drivers/STM32F4xx_HAL_Driver/Src/stm32f4xx_hal_dma.o
 .text.DMA_CheckFifoParam
                0x08001b70       0xf8 ./Drivers/STM32F4xx_HAL_Driver/Src/stm32f4xx_hal_dma.o
 .text.HAL_GPIO_Init
                0x08001c68      0x338 ./Drivers/STM32F4xx_HAL_Driver/Src/stm32f4xx_hal_gpio.o
                0x08001c68                HAL_GPIO_Init
 .text.HAL_GPIO_WritePin
                0x08001fa0       0x32 ./Drivers/STM32F4xx_HAL_Driver/Src/stm32f4xx_hal_gpio.o
                0x08001fa0                HAL_GPIO_WritePin
 .text.HAL_GPIO_TogglePin
                0x08001fd2       0x34 ./Drivers/STM32F4xx_HAL_Driver/Src/stm32f4xx_hal_gpio.o
                0x08001fd2                HAL_GPIO_TogglePin
 *fill*         0x08002006        0x2 
 .text.HAL_RCC_OscConfig
                0x08002008      0x4f0 ./Drivers/STM32F4xx_HAL_Driver/Src/stm32f4xx_hal_rcc.o
                0x08002008                HAL_RCC_OscConfig
 .text.HAL_RCC_ClockConfig
                0x080024f8      0x1cc ./Drivers/STM32F4xx_HAL_Driver/Src/stm32f4xx_hal_rcc.o
                0x080024f8                HAL_RCC_ClockConfig
 .text.HAL_RCC_GetSysClockFreq
                0x080026c4      0x18c ./Drivers/STM32F4xx_HAL_Driver/Src/stm32f4xx_hal_rcc.o
                0x080026c4                HAL_RCC_GetSysClockFreq
 .text.HAL_SD_Init
                0x08002850       0x60 ./Drivers/STM32F4xx_HAL_Driver/Src/stm32f4xx_hal_sd.o
                0x08002850                HAL_SD_Init
 .text.HAL_SD_InitCard
                0x080028b0      0x100 ./Drivers/STM32F4xx_HAL_Driver/Src/stm32f4xx_hal_sd.o
                0x080028b0                HAL_SD_InitCard
 .text.HAL_SD_IRQHandler
                0x080029b0      0x30c ./Drivers/STM32F4xx_HAL_Driver/Src/stm32f4xx_hal_sd.o
                0x080029b0                HAL_SD_IRQHandler
 .text.HAL_SD_TxCpltCallback
                0x08002cbc       0x14 ./Drivers/STM32F4xx_HAL_Driver/Src/stm32f4xx_hal_sd.o
                0x08002cbc                HAL_SD_TxCpltCallback
 .text.HAL_SD_RxCpltCallback
                0x08002cd0       0x14 ./Drivers/STM32F4xx_HAL_Driver/Src/stm32f4xx_hal_sd.o
                0x08002cd0                HAL_SD_RxCpltCallback
 .text.HAL_SD_ErrorCallback
                0x08002ce4       0x14 ./Drivers/STM32F4xx_HAL_Driver/Src/stm32f4xx_hal_sd.o
                0x08002ce4                HAL_SD_ErrorCallback
 .text.HAL_SD_AbortCallback
                0x08002cf8       0x14 ./Drivers/STM32F4xx_HAL_Driver/Src/stm32f4xx_hal_sd.o
                0x08002cf8                HAL_SD_AbortCallback
 .text.HAL_SD_GetCardCSD
                0x08002d0c      0x348 ./Drivers/STM32F4xx_HAL_Driver/Src/stm32f4xx_hal_sd.o
                0x08002d0c                HAL_SD_GetCardCSD
 .text.HAL_SD_GetCardState
                0x08003054       0x40 ./Drivers/STM32F4xx_HAL_Driver/Src/stm32f4xx_hal_sd.o
                0x08003054                HAL_SD_GetCardState
 .text.SD_DMATxAbort
                0x08003094       0x6e ./Drivers/STM32F4xx_HAL_Driver/Src/stm32f4xx_hal_sd.o
 .text.SD_DMARxAbort
                0x08003102       0x6e ./Drivers/STM32F4xx_HAL_Driver/Src/stm32f4xx_hal_sd.o
 .text.SD_InitCard
                0x08003170      0x19c ./Drivers/STM32F4xx_HAL_Driver/Src/stm32f4xx_hal_sd.o
 .text.SD_PowerON
                0x0800330c      0x11c ./Drivers/STM32F4xx_HAL_Driver/Src/stm32f4xx_hal_sd.o
 .text.SD_SendStatus
                0x08003428       0x50 ./Drivers/STM32F4xx_HAL_Driver/Src/stm32f4xx_hal_sd.o
 .text.SD_Read_IT
                0x08003478       0xa2 ./Drivers/STM32F4xx_HAL_Driver/Src/stm32f4xx_hal_sd.o
 .text.SD_Write_IT
                0x0800351a       0xaa ./Drivers/STM32F4xx_HAL_Driver/Src/stm32f4xx_hal_sd.o
 .text.HAL_TIM_Base_Init
                0x080035c4       0x9e ./Drivers/STM32F4xx_HAL_Driver/Src/stm32f4xx_hal_tim.o
                0x080035c4                HAL_TIM_Base_Init
 .text.HAL_TIM_PWM_Init
                0x08003662       0x9e ./Drivers/STM32F4xx_HAL_Driver/Src/stm32f4xx_hal_tim.o
                0x08003662                HAL_TIM_PWM_Init
 .text.HAL_TIM_Encoder_Init
                0x08003700      0x14c ./Drivers/STM32F4xx_HAL_Driver/Src/stm32f4xx_hal_tim.o
                0x08003700                HAL_TIM_Encoder_Init
 .text.HAL_TIM_PWM_ConfigChannel
                0x0800384c      0x184 ./Drivers/STM32F4xx_HAL_Driver/Src/stm32f4xx_hal_tim.o
                0x0800384c                HAL_TIM_PWM_ConfigChannel
 .text.HAL_TIM_ConfigClockSource
                0x080039d0      0x18e ./Drivers/STM32F4xx_HAL_Driver/Src/stm32f4xx_hal_tim.o
                0x080039d0                HAL_TIM_ConfigClockSource
 *fill*         0x08003b5e        0x2 
 .text.TIM_Base_SetConfig
                0x08003b60      0x158 ./Drivers/STM32F4xx_HAL_Driver/Src/stm32f4xx_hal_tim.o
                0x08003b60                TIM_Base_SetConfig
 .text.TIM_OC1_SetConfig
                0x08003cb8       0xe0 ./Drivers/STM32F4xx_HAL_Driver/Src/stm32f4xx_hal_tim.o
 .text.TIM_OC2_SetConfig
                0x08003d98       0xec ./Drivers/STM32F4xx_HAL_Driver/Src/stm32f4xx_hal_tim.o
                0x08003d98                TIM_OC2_SetConfig
 .text.TIM_OC3_SetConfig
                0x08003e84       0xe8 ./Drivers/STM32F4xx_HAL_Driver/Src/stm32f4xx_hal_tim.o
 .text.TIM_OC4_SetConfig
                0x08003f6c       0xac ./Drivers/STM32F4xx_HAL_Driver/Src/stm32f4xx_hal_tim.o
 .text.TIM_TI1_ConfigInputStage
                0x08004018       0x5e ./Drivers/STM32F4xx_HAL_Driver/Src/stm32f4xx_hal_tim.o
 .text.TIM_TI2_ConfigInputStage
                0x08004076       0x60 ./Drivers/STM32F4xx_HAL_Driver/Src/stm32f4xx_hal_tim.o
 .text.TIM_ITRx_SetConfig
                0x080040d6       0x36 ./Drivers/STM32F4xx_HAL_Driver/Src/stm32f4xx_hal_tim.o
 .text.TIM_ETR_SetConfig
                0x0800410c       0x40 ./Drivers/STM32F4xx_HAL_Driver/Src/stm32f4xx_hal_tim.o
                0x0800410c                TIM_ETR_SetConfig
 .text.HAL_TIMEx_MasterConfigSynchronization
                0x0800414c       0xf8 ./Drivers/STM32F4xx_HAL_Driver/Src/stm32f4xx_hal_tim_ex.o
                0x0800414c                HAL_TIMEx_MasterConfigSynchronization
 .text.SDIO_Init
                0x08004244       0x56 ./Drivers/STM32F4xx_HAL_Driver/Src/stm32f4xx_ll_sdmmc.o
                0x08004244                SDIO_Init
 .text.SDIO_ReadFIFO
                0x0800429a       0x1a ./Drivers/STM32F4xx_HAL_Driver/Src/stm32f4xx_ll_sdmmc.o
                0x0800429a                SDIO_ReadFIFO
 .text.SDIO_WriteFIFO
                0x080042b4       0x22 ./Drivers/STM32F4xx_HAL_Driver/Src/stm32f4xx_ll_sdmmc.o
                0x080042b4                SDIO_WriteFIFO
 .text.SDIO_PowerState_ON
                0x080042d6       0x1c ./Drivers/STM32F4xx_HAL_Driver/Src/stm32f4xx_ll_sdmmc.o
                0x080042d6                SDIO_PowerState_ON
 .text.SDIO_GetPowerState
                0x080042f2       0x1c ./Drivers/STM32F4xx_HAL_Driver/Src/stm32f4xx_ll_sdmmc.o
                0x080042f2                SDIO_GetPowerState
 .text.SDIO_SendCommand
                0x0800430e       0x54 ./Drivers/STM32F4xx_HAL_Driver/Src/stm32f4xx_ll_sdmmc.o
                0x0800430e                SDIO_SendCommand
 .text.SDIO_GetCommandResponse
                0x08004362       0x1a ./Drivers/STM32F4xx_HAL_Driver/Src/stm32f4xx_ll_sdmmc.o
                0x08004362                SDIO_GetCommandResponse
 .text.SDIO_GetResponse
                0x0800437c       0x26 ./Drivers/STM32F4xx_HAL_Driver/Src/stm32f4xx_ll_sdmmc.o
                0x0800437c                SDIO_GetResponse
 .text.SDMMC_CmdBlockLength
                0x080043a2       0x44 ./Drivers/STM32F4xx_HAL_Driver/Src/stm32f4xx_ll_sdmmc.o
                0x080043a2                SDMMC_CmdBlockLength
 *fill*         0x080043e6        0x2 
 .text.SDMMC_CmdStopTransfer
                0x080043e8       0x44 ./Drivers/STM32F4xx_HAL_Driver/Src/stm32f4xx_ll_sdmmc.o
                0x080043e8                SDMMC_CmdStopTransfer
 .text.SDMMC_CmdSelDesel
                0x0800442c       0x46 ./Drivers/STM32F4xx_HAL_Driver/Src/stm32f4xx_ll_sdmmc.o
                0x0800442c                SDMMC_CmdSelDesel
 .text.SDMMC_CmdGoIdleState
                0x08004472       0x3c ./Drivers/STM32F4xx_HAL_Driver/Src/stm32f4xx_ll_sdmmc.o
                0x08004472                SDMMC_CmdGoIdleState
 .text.SDMMC_CmdOperCond
                0x080044ae       0x3e ./Drivers/STM32F4xx_HAL_Driver/Src/stm32f4xx_ll_sdmmc.o
                0x080044ae                SDMMC_CmdOperCond
 .text.SDMMC_CmdAppCommand
                0x080044ec       0x44 ./Drivers/STM32F4xx_HAL_Driver/Src/stm32f4xx_ll_sdmmc.o
                0x080044ec                SDMMC_CmdAppCommand
 .text.SDMMC_CmdAppOperCommand
                0x08004530       0x46 ./Drivers/STM32F4xx_HAL_Driver/Src/stm32f4xx_ll_sdmmc.o
                0x08004530                SDMMC_CmdAppOperCommand
 .text.SDMMC_CmdSendCID
                0x08004576       0x3c ./Drivers/STM32F4xx_HAL_Driver/Src/stm32f4xx_ll_sdmmc.o
                0x08004576                SDMMC_CmdSendCID
 .text.SDMMC_CmdSendCSD
                0x080045b2       0x3e ./Drivers/STM32F4xx_HAL_Driver/Src/stm32f4xx_ll_sdmmc.o
                0x080045b2                SDMMC_CmdSendCSD
 .text.SDMMC_CmdSetRelAdd
                0x080045f0       0x42 ./Drivers/STM32F4xx_HAL_Driver/Src/stm32f4xx_ll_sdmmc.o
                0x080045f0                SDMMC_CmdSetRelAdd
 .text.SDMMC_CmdSendStatus
                0x08004632       0x44 ./Drivers/STM32F4xx_HAL_Driver/Src/stm32f4xx_ll_sdmmc.o
                0x08004632                SDMMC_CmdSendStatus
 *fill*         0x08004676        0x2 
 .text.SDMMC_GetCmdResp1
                0x08004678      0x1dc ./Drivers/STM32F4xx_HAL_Driver/Src/stm32f4xx_ll_sdmmc.o
                0x08004678                SDMMC_GetCmdResp1
 .text.SDMMC_GetCmdResp2
                0x08004854       0x90 ./Drivers/STM32F4xx_HAL_Driver/Src/stm32f4xx_ll_sdmmc.o
                0x08004854                SDMMC_GetCmdResp2
 .text.SDMMC_GetCmdResp3
                0x080048e4       0x7c ./Drivers/STM32F4xx_HAL_Driver/Src/stm32f4xx_ll_sdmmc.o
                0x080048e4                SDMMC_GetCmdResp3
 .text.SDMMC_GetCmdResp6
                0x08004960       0xec ./Drivers/STM32F4xx_HAL_Driver/Src/stm32f4xx_ll_sdmmc.o
                0x08004960                SDMMC_GetCmdResp6
 .text.SDMMC_GetCmdResp7
                0x08004a4c       0x9c ./Drivers/STM32F4xx_HAL_Driver/Src/stm32f4xx_ll_sdmmc.o
                0x08004a4c                SDMMC_GetCmdResp7
 .text.SDMMC_GetCmdError
                0x08004ae8       0x58 ./Drivers/STM32F4xx_HAL_Driver/Src/stm32f4xx_ll_sdmmc.o
 .text.memset   0x08004b40       0x10 /opt/st/stm32cubeide_1.17.0/plugins/com.st.stm32cube.ide.mcu.externaltools.gnu-tools-for-stm32.12.3.rel1.linux64_1.1.0.202410170702/tools/bin/../lib/gcc/arm-none-eabi/12.3.1/../../../../arm-none-eabi/lib/thumb/v7e-m+fp/hard/libc_nano.a(libc_a-memset.o)
                0x08004b40                memset
 .text.__libc_init_array
                0x08004b50       0x48 /opt/st/stm32cubeide_1.17.0/plugins/com.st.stm32cube.ide.mcu.externaltools.gnu-tools-for-stm32.12.3.rel1.linux64_1.1.0.202410170702/tools/bin/../lib/gcc/arm-none-eabi/12.3.1/../../../../arm-none-eabi/lib/thumb/v7e-m+fp/hard/libc_nano.a(libc_a-init.o)
                0x08004b50                __libc_init_array
 *(.glue_7)
 .glue_7        0x08004b98        0x0 linker stubs
 *(.glue_7t)
 .glue_7t       0x08004b98        0x0 linker stubs
 *(.eh_frame)
 .eh_frame      0x08004b98        0x0 /opt/st/stm32cubeide_1.17.0/plugins/com.st.stm32cube.ide.mcu.externaltools.gnu-tools-for-stm32.12.3.rel1.linux64_1.1.0.202410170702/tools/bin/../lib/gcc/arm-none-eabi/12.3.1/thumb/v7e-m+fp/hard/crtbegin.o
 *(.init)
 .init          0x08004b98        0x4 /opt/st/stm32cubeide_1.17.0/plugins/com.st.stm32cube.ide.mcu.externaltools.gnu-tools-for-stm32.12.3.rel1.linux64_1.1.0.202410170702/tools/bin/../lib/gcc/arm-none-eabi/12.3.1/thumb/v7e-m+fp/hard/crti.o
                0x08004b98                _init
 .init          0x08004b9c        0x8 /opt/st/stm32cubeide_1.17.0/plugins/com.st.stm32cube.ide.mcu.externaltools.gnu-tools-for-stm32.12.3.rel1.linux64_1.1.0.202410170702/tools/bin/../lib/gcc/arm-none-eabi/12.3.1/thumb/v7e-m+fp/hard/crtn.o
 *(.fini)
 .fini          0x08004ba4        0x4 /opt/st/stm32cubeide_1.17.0/plugins/com.st.stm32cube.ide.mcu.externaltools.gnu-tools-for-stm32.12.3.rel1.linux64_1.1.0.202410170702/tools/bin/../lib/gcc/arm-none-eabi/12.3.1/thumb/v7e-m+fp/hard/crti.o
                0x08004ba4                _fini
 .fini          0x08004ba8        0x8 /opt/st/stm32cubeide_1.17.0/plugins/com.st.stm32cube.ide.mcu.externaltools.gnu-tools-for-stm32.12.3.rel1.linux64_1.1.0.202410170702/tools/bin/../lib/gcc/arm-none-eabi/12.3.1/thumb/v7e-m+fp/hard/crtn.o
                0x08004bb0                        . = ALIGN (0x4)
                0x08004bb0                        _etext = .

.vfp11_veneer   0x08004bb0        0x0
 .vfp11_veneer  0x08004bb0        0x0 linker stubs

.v4_bx          0x08004bb0        0x0
 .v4_bx         0x08004bb0        0x0 linker stubs

.iplt           0x08004bb0        0x0
 .iplt          0x08004bb0        0x0 /opt/st/stm32cubeide_1.17.0/plugins/com.st.stm32cube.ide.mcu.externaltools.gnu-tools-for-stm32.12.3.rel1.linux64_1.1.0.202410170702/tools/bin/../lib/gcc/arm-none-eabi/12.3.1/thumb/v7e-m+fp/hard/crtbegin.o

.rodata         0x08004bb0       0x18
                0x08004bb0                        . = ALIGN (0x4)
 *(.rodata)
 *(.rodata*)
 .rodata.AHBPrescTable
                0x08004bb0       0x10 ./Core/Src/system_stm32f4xx.o
                0x08004bb0                AHBPrescTable
 .rodata.flagBitshiftOffset.0
                0x08004bc0        0x8 ./Drivers/STM32F4xx_HAL_Driver/Src/stm32f4xx_hal_dma.o
                0x08004bc8                        . = ALIGN (0x4)

.ARM.extab      0x08004bc8        0x0
                0x08004bc8                        . = ALIGN (0x4)
 *(.ARM.extab* .gnu.linkonce.armextab.*)
                0x08004bc8                        . = ALIGN (0x4)

.ARM            0x08004bc8        0x8
                0x08004bc8                        . = ALIGN (0x4)
                0x08004bc8                        __exidx_start = .
 *(.ARM.exidx*)
 .ARM.exidx     0x08004bc8        0x8 /opt/st/stm32cubeide_1.17.0/plugins/com.st.stm32cube.ide.mcu.externaltools.gnu-tools-for-stm32.12.3.rel1.linux64_1.1.0.202410170702/tools/bin/../lib/gcc/arm-none-eabi/12.3.1/thumb/v7e-m+fp/hard/libgcc.a(_udivmoddi4.o)
                0x08004bd0                        __exidx_end = .
                0x08004bd0                        . = ALIGN (0x4)

.preinit_array  0x08004bd0        0x0
                0x08004bd0                        . = ALIGN (0x4)
                0x08004bd0                        PROVIDE (__preinit_array_start = .)
 *(.preinit_array*)
                0x08004bd0                        PROVIDE (__preinit_array_end = .)
                0x08004bd0                        . = ALIGN (0x4)

.init_array     0x08004bd0        0x4
                0x08004bd0                        . = ALIGN (0x4)
                0x08004bd0                        PROVIDE (__init_array_start = .)
 *(SORT_BY_NAME(.init_array.*))
 *(.init_array*)
 .init_array    0x08004bd0        0x4 /opt/st/stm32cubeide_1.17.0/plugins/com.st.stm32cube.ide.mcu.externaltools.gnu-tools-for-stm32.12.3.rel1.linux64_1.1.0.202410170702/tools/bin/../lib/gcc/arm-none-eabi/12.3.1/thumb/v7e-m+fp/hard/crtbegin.o
                0x08004bd4                        PROVIDE (__init_array_end = .)
                0x08004bd4                        . = ALIGN (0x4)

.fini_array     0x08004bd4        0x4
                0x08004bd4                        . = ALIGN (0x4)
                [!provide]                        PROVIDE (__fini_array_start = .)
 *(SORT_BY_NAME(.fini_array.*))
 *(.fini_array*)
 .fini_array    0x08004bd4        0x4 /opt/st/stm32cubeide_1.17.0/plugins/com.st.stm32cube.ide.mcu.externaltools.gnu-tools-for-stm32.12.3.rel1.linux64_1.1.0.202410170702/tools/bin/../lib/gcc/arm-none-eabi/12.3.1/thumb/v7e-m+fp/hard/crtbegin.o
                [!provide]                        PROVIDE (__fini_array_end = .)
                0x08004bd8                        . = ALIGN (0x4)
                0x08004bd8                        _sidata = LOADADDR (.data)

.rel.dyn        0x08004bd8        0x0
 .rel.iplt      0x08004bd8        0x0 /opt/st/stm32cubeide_1.17.0/plugins/com.st.stm32cube.ide.mcu.externaltools.gnu-tools-for-stm32.12.3.rel1.linux64_1.1.0.202410170702/tools/bin/../lib/gcc/arm-none-eabi/12.3.1/thumb/v7e-m+fp/hard/crtbegin.o

.data           0x20000000        0xc load address 0x08004bd8
                0x20000000                        . = ALIGN (0x4)
                0x20000000                        _sdata = .
 *(.data)
 *(.data*)
 .data.SystemCoreClock
                0x20000000        0x4 ./Core/Src/system_stm32f4xx.o
                0x20000000                SystemCoreClock
 .data.uwTickPrio
                0x20000004        0x4 ./Drivers/STM32F4xx_HAL_Driver/Src/stm32f4xx_hal.o
                0x20000004                uwTickPrio
 .data.uwTickFreq
                0x20000008        0x1 ./Drivers/STM32F4xx_HAL_Driver/Src/stm32f4xx_hal.o
                0x20000008                uwTickFreq
 *(.RamFunc)
 *(.RamFunc*)
                0x2000000c                        . = ALIGN (0x4)
 *fill*         0x20000009        0x3 
                0x2000000c                        _edata = .
                0x08004be4                        _siccmram = LOADADDR (.ccmram)

.igot.plt       0x2000000c        0x0 load address 0x08004be4
 .igot.plt      0x2000000c        0x0 /opt/st/stm32cubeide_1.17.0/plugins/com.st.stm32cube.ide.mcu.externaltools.gnu-tools-for-stm32.12.3.rel1.linux64_1.1.0.202410170702/tools/bin/../lib/gcc/arm-none-eabi/12.3.1/thumb/v7e-m+fp/hard/crtbegin.o

.ccmram         0x10000000        0x0 load address 0x08004be4
                0x10000000                        . = ALIGN (0x4)
                0x10000000                        _sccmram = .
 *(.ccmram)
 *(.ccmram*)
                0x10000000                        . = ALIGN (0x4)
                0x10000000                        _eccmram = .
                0x10000000                        . = ALIGN (0x4)

.bss            0x2000000c      0x2ac
                0x2000000c                        _sbss = .
                0x2000000c                        __bss_start__ = _sbss
 *(.bss)
 .bss           0x2000000c       0x1c /opt/st/stm32cubeide_1.17.0/plugins/com.st.stm32cube.ide.mcu.externaltools.gnu-tools-for-stm32.12.3.rel1.linux64_1.1.0.202410170702/tools/bin/../lib/gcc/arm-none-eabi/12.3.1/thumb/v7e-m+fp/hard/crtbegin.o
 *(.bss*)
 .bss.hcan1     0x20000028       0x28 ./Core/Src/can.o
                0x20000028                hcan1
 .bss.hsd       0x20000050       0x84 ./Core/Src/sdio.o
                0x20000050                hsd
 .bss.hdma_sdio_rx
                0x200000d4       0x60 ./Core/Src/sdio.o
                0x200000d4                hdma_sdio_rx
 .bss.hdma_sdio_tx
                0x20000134       0x60 ./Core/Src/sdio.o
                0x20000134                hdma_sdio_tx
 .bss.htim2     0x20000194       0x48 ./Core/Src/tim.o
                0x20000194                htim2
 .bss.htim3     0x200001dc       0x48 ./Core/Src/tim.o
                0x200001dc                htim3
 .bss.htim4     0x20000224       0x48 ./Core/Src/tim.o
                0x20000224                htim4
 .bss.htim8     0x2000026c       0x48 ./Core/Src/tim.o
                0x2000026c                htim8
 .bss.uwTick    0x200002b4        0x4 ./Drivers/STM32F4xx_HAL_Driver/Src/stm32f4xx_hal.o
                0x200002b4                uwTick
 *(COMMON)
                0x200002b8                        . = ALIGN (0x4)
                0x200002b8                        _ebss = .
                0x200002b8                        __bss_end__ = _ebss

._user_heap_stack
                0x200002b8      0x600
                0x200002b8                        . = ALIGN (0x8)
                [!provide]                        PROVIDE (end = .)
                0x200002b8                        PROVIDE (_end = .)
                0x200004b8                        . = (. + _Min_Heap_Size)
 *fill*         0x200002b8      0x200 
                0x200008b8                        . = (. + _Min_Stack_Size)
 *fill*         0x200004b8      0x400 
                0x200008b8                        . = ALIGN (0x8)

/DISCARD/
 libc.a(*)
 libm.a(*)
 libgcc.a(*)

.ARM.attributes
                0x00000000       0x30
 *(.ARM.attributes)
 .ARM.attributes
                0x00000000       0x22 /opt/st/stm32cubeide_1.17.0/plugins/com.st.stm32cube.ide.mcu.externaltools.gnu-tools-for-stm32.12.3.rel1.linux64_1.1.0.202410170702/tools/bin/../lib/gcc/arm-none-eabi/12.3.1/thumb/v7e-m+fp/hard/crti.o
 .ARM.attributes
                0x00000022       0x34 /opt/st/stm32cubeide_1.17.0/plugins/com.st.stm32cube.ide.mcu.externaltools.gnu-tools-for-stm32.12.3.rel1.linux64_1.1.0.202410170702/tools/bin/../lib/gcc/arm-none-eabi/12.3.1/thumb/v7e-m+fp/hard/crtbegin.o
 .ARM.attributes
                0x00000056       0x34 ./Core/Src/can.o
 .ARM.attributes
                0x0000008a       0x34 ./Core/Src/dma.o
 .ARM.attributes
                0x000000be       0x34 ./Core/Src/gpio.o
 .ARM.attributes
                0x000000f2       0x34 ./Core/Src/main.o
 .ARM.attributes
                0x00000126       0x34 ./Core/Src/sdio.o
 .ARM.attributes
                0x0000015a       0x34 ./Core/Src/stm32f4xx_hal_msp.o
 .ARM.attributes
                0x0000018e       0x34 ./Core/Src/stm32f4xx_it.o
 .ARM.attributes
                0x000001c2       0x34 ./Core/Src/system_stm32f4xx.o
 .ARM.attributes
                0x000001f6       0x34 ./Core/Src/tim.o
 .ARM.attributes
                0x0000022a       0x21 ./Core/Startup/startup_stm32f405rgtx.o
 .ARM.attributes
                0x0000024b       0x34 ./Drivers/STM32F4xx_HAL_Driver/Src/stm32f4xx_hal.o
 .ARM.attributes
                0x0000027f       0x34 ./Drivers/STM32F4xx_HAL_Driver/Src/stm32f4xx_hal_can.o
 .ARM.attributes
                0x000002b3       0x34 ./Drivers/STM32F4xx_HAL_Driver/Src/stm32f4xx_hal_cortex.o
 .ARM.attributes
                0x000002e7       0x34 ./Drivers/STM32F4xx_HAL_Driver/Src/stm32f4xx_hal_dma.o
 .ARM.attributes
                0x0000031b       0x34 ./Drivers/STM32F4xx_HAL_Driver/Src/stm32f4xx_hal_gpio.o
 .ARM.attributes
                0x0000034f       0x34 ./Drivers/STM32F4xx_HAL_Driver/Src/stm32f4xx_hal_rcc.o
 .ARM.attributes
                0x00000383       0x34 ./Drivers/STM32F4xx_HAL_Driver/Src/stm32f4xx_hal_sd.o
 .ARM.attributes
                0x000003b7       0x34 ./Drivers/STM32F4xx_HAL_Driver/Src/stm32f4xx_hal_tim.o
 .ARM.attributes
                0x000003eb       0x34 ./Drivers/STM32F4xx_HAL_Driver/Src/stm32f4xx_hal_tim_ex.o
 .ARM.attributes
                0x0000041f       0x34 ./Drivers/STM32F4xx_HAL_Driver/Src/stm32f4xx_ll_sdmmc.o
 .ARM.attributes
                0x00000453       0x34 /opt/st/stm32cubeide_1.17.0/plugins/com.st.stm32cube.ide.mcu.externaltools.gnu-tools-for-stm32.12.3.rel1.linux64_1.1.0.202410170702/tools/bin/../lib/gcc/arm-none-eabi/12.3.1/../../../../arm-none-eabi/lib/thumb/v7e-m+fp/hard/libc_nano.a(libc_a-memset.o)
 .ARM.attributes
                0x00000487       0x34 /opt/st/stm32cubeide_1.17.0/plugins/com.st.stm32cube.ide.mcu.externaltools.gnu-tools-for-stm32.12.3.rel1.linux64_1.1.0.202410170702/tools/bin/../lib/gcc/arm-none-eabi/12.3.1/../../../../arm-none-eabi/lib/thumb/v7e-m+fp/hard/libc_nano.a(libc_a-init.o)
 .ARM.attributes
                0x000004bb       0x22 /opt/st/stm32cubeide_1.17.0/plugins/com.st.stm32cube.ide.mcu.externaltools.gnu-tools-for-stm32.12.3.rel1.linux64_1.1.0.202410170702/tools/bin/../lib/gcc/arm-none-eabi/12.3.1/thumb/v7e-m+fp/hard/libgcc.a(_aeabi_uldivmod.o)
 .ARM.attributes
                0x000004dd       0x34 /opt/st/stm32cubeide_1.17.0/plugins/com.st.stm32cube.ide.mcu.externaltools.gnu-tools-for-stm32.12.3.rel1.linux64_1.1.0.202410170702/tools/bin/../lib/gcc/arm-none-eabi/12.3.1/thumb/v7e-m+fp/hard/libgcc.a(_udivmoddi4.o)
 .ARM.attributes
                0x00000511       0x22 /opt/st/stm32cubeide_1.17.0/plugins/com.st.stm32cube.ide.mcu.externaltools.gnu-tools-for-stm32.12.3.rel1.linux64_1.1.0.202410170702/tools/bin/../lib/gcc/arm-none-eabi/12.3.1/thumb/v7e-m+fp/hard/libgcc.a(_dvmd_tls.o)
 .ARM.attributes
                0x00000533       0x22 /opt/st/stm32cubeide_1.17.0/plugins/com.st.stm32cube.ide.mcu.externaltools.gnu-tools-for-stm32.12.3.rel1.linux64_1.1.0.202410170702/tools/bin/../lib/gcc/arm-none-eabi/12.3.1/thumb/v7e-m+fp/hard/crtn.o
OUTPUT(RDCMD.elf elf32-littlearm)
LOAD linker stubs
LOAD /opt/st/stm32cubeide_1.17.0/plugins/com.st.stm32cube.ide.mcu.externaltools.gnu-tools-for-stm32.12.3.rel1.linux64_1.1.0.202410170702/tools/bin/../lib/gcc/arm-none-eabi/12.3.1/../../../../arm-none-eabi/lib/thumb/v7e-m+fp/hard/libc.a
LOAD /opt/st/stm32cubeide_1.17.0/plugins/com.st.stm32cube.ide.mcu.externaltools.gnu-tools-for-stm32.12.3.rel1.linux64_1.1.0.202410170702/tools/bin/../lib/gcc/arm-none-eabi/12.3.1/../../../../arm-none-eabi/lib/thumb/v7e-m+fp/hard/libm.a
LOAD /opt/st/stm32cubeide_1.17.0/plugins/com.st.stm32cube.ide.mcu.externaltools.gnu-tools-for-stm32.12.3.rel1.linux64_1.1.0.202410170702/tools/bin/../lib/gcc/arm-none-eabi/12.3.1/thumb/v7e-m+fp/hard/libgcc.a

.debug_info     0x00000000     0xeb3f
 .debug_info    0x00000000      0x846 ./Core/Src/can.o
 .debug_info    0x00000846      0x49b ./Core/Src/dma.o
 .debug_info    0x00000ce1      0x425 ./Core/Src/gpio.o
 .debug_info    0x00001106      0x5c7 ./Core/Src/main.o
 .debug_info    0x000016cd      0xd17 ./Core/Src/sdio.o
 .debug_info    0x000023e4      0x269 ./Core/Src/stm32f4xx_hal_msp.o
 .debug_info    0x0000264d      0x780 ./Core/Src/stm32f4xx_it.o
 .debug_info    0x00002dcd      0x512 ./Core/Src/system_stm32f4xx.o
 .debug_info    0x000032df      0xe99 ./Core/Src/tim.o
 .debug_info    0x00004178       0x30 ./Core/Startup/startup_stm32f405rgtx.o
 .debug_info    0x000041a8      0x932 ./Drivers/STM32F4xx_HAL_Driver/Src/stm32f4xx_hal.o
 .debug_info    0x00004ada      0xf4c ./Drivers/STM32F4xx_HAL_Driver/Src/stm32f4xx_hal_can.o
 .debug_info    0x00005a26      0xd7a ./Drivers/STM32F4xx_HAL_Driver/Src/stm32f4xx_hal_cortex.o
 .debug_info    0x000067a0      0x8e7 ./Drivers/STM32F4xx_HAL_Driver/Src/stm32f4xx_hal_dma.o
 .debug_info    0x00007087      0x6c3 ./Drivers/STM32F4xx_HAL_Driver/Src/stm32f4xx_hal_gpio.o
 .debug_info    0x0000774a      0x8af ./Drivers/STM32F4xx_HAL_Driver/Src/stm32f4xx_hal_rcc.o
 .debug_info    0x00007ff9     0x1c0a ./Drivers/STM32F4xx_HAL_Driver/Src/stm32f4xx_hal_sd.o
 .debug_info    0x00009c03     0x299d ./Drivers/STM32F4xx_HAL_Driver/Src/stm32f4xx_hal_tim.o
 .debug_info    0x0000c5a0     0x14db ./Drivers/STM32F4xx_HAL_Driver/Src/stm32f4xx_hal_tim_ex.o
 .debug_info    0x0000da7b     0x10c4 ./Drivers/STM32F4xx_HAL_Driver/Src/stm32f4xx_ll_sdmmc.o

.debug_abbrev   0x00000000     0x2692
 .debug_abbrev  0x00000000      0x201 ./Core/Src/can.o
 .debug_abbrev  0x00000201      0x10e ./Core/Src/dma.o
 .debug_abbrev  0x0000030f      0x152 ./Core/Src/gpio.o
 .debug_abbrev  0x00000461      0x1f0 ./Core/Src/main.o
 .debug_abbrev  0x00000651      0x22a ./Core/Src/sdio.o
 .debug_abbrev  0x0000087b       0xd8 ./Core/Src/stm32f4xx_hal_msp.o
 .debug_abbrev  0x00000953      0x1ac ./Core/Src/stm32f4xx_it.o
 .debug_abbrev  0x00000aff      0x11a ./Core/Src/system_stm32f4xx.o
 .debug_abbrev  0x00000c19      0x288 ./Core/Src/tim.o
 .debug_abbrev  0x00000ea1       0x24 ./Core/Startup/startup_stm32f405rgtx.o
 .debug_abbrev  0x00000ec5      0x214 ./Drivers/STM32F4xx_HAL_Driver/Src/stm32f4xx_hal.o
 .debug_abbrev  0x000010d9      0x245 ./Drivers/STM32F4xx_HAL_Driver/Src/stm32f4xx_hal_can.o
 .debug_abbrev  0x0000131e      0x31d ./Drivers/STM32F4xx_HAL_Driver/Src/stm32f4xx_hal_cortex.o
 .debug_abbrev  0x0000163b      0x264 ./Drivers/STM32F4xx_HAL_Driver/Src/stm32f4xx_hal_dma.o
 .debug_abbrev  0x0000189f      0x1d4 ./Drivers/STM32F4xx_HAL_Driver/Src/stm32f4xx_hal_gpio.o
 .debug_abbrev  0x00001a73      0x2b7 ./Drivers/STM32F4xx_HAL_Driver/Src/stm32f4xx_hal_rcc.o
 .debug_abbrev  0x00001d2a      0x297 ./Drivers/STM32F4xx_HAL_Driver/Src/stm32f4xx_hal_sd.o
 .debug_abbrev  0x00001fc1      0x278 ./Drivers/STM32F4xx_HAL_Driver/Src/stm32f4xx_hal_tim.o
 .debug_abbrev  0x00002239      0x283 ./Drivers/STM32F4xx_HAL_Driver/Src/stm32f4xx_hal_tim_ex.o
 .debug_abbrev  0x000024bc      0x1d6 ./Drivers/STM32F4xx_HAL_Driver/Src/stm32f4xx_ll_sdmmc.o

.debug_aranges  0x00000000      0xf18
 .debug_aranges
                0x00000000       0x30 ./Core/Src/can.o
 .debug_aranges
                0x00000030       0x20 ./Core/Src/dma.o
 .debug_aranges
                0x00000050       0x20 ./Core/Src/gpio.o
 .debug_aranges
                0x00000070       0x30 ./Core/Src/main.o
 .debug_aranges
                0x000000a0       0x30 ./Core/Src/sdio.o
 .debug_aranges
                0x000000d0       0x20 ./Core/Src/stm32f4xx_hal_msp.o
 .debug_aranges
                0x000000f0       0x78 ./Core/Src/stm32f4xx_it.o
 .debug_aranges
                0x00000168       0x28 ./Core/Src/system_stm32f4xx.o
 .debug_aranges
                0x00000190       0x70 ./Core/Src/tim.o
 .debug_aranges
                0x00000200       0x28 ./Core/Startup/startup_stm32f405rgtx.o
 .debug_aranges
                0x00000228       0xf0 ./Drivers/STM32F4xx_HAL_Driver/Src/stm32f4xx_hal.o
 .debug_aranges
                0x00000318      0x138 ./Drivers/STM32F4xx_HAL_Driver/Src/stm32f4xx_hal_can.o
 .debug_aranges
                0x00000450      0x130 ./Drivers/STM32F4xx_HAL_Driver/Src/stm32f4xx_hal_cortex.o
 .debug_aranges
                0x00000580       0x90 ./Drivers/STM32F4xx_HAL_Driver/Src/stm32f4xx_hal_dma.o
 .debug_aranges
                0x00000610       0x58 ./Drivers/STM32F4xx_HAL_Driver/Src/stm32f4xx_hal_gpio.o
 .debug_aranges
                0x00000668       0x88 ./Drivers/STM32F4xx_HAL_Driver/Src/stm32f4xx_hal_rcc.o
 .debug_aranges
                0x000006f0      0x168 ./Drivers/STM32F4xx_HAL_Driver/Src/stm32f4xx_hal_sd.o
 .debug_aranges
                0x00000858      0x3d0 ./Drivers/STM32F4xx_HAL_Driver/Src/stm32f4xx_hal_tim.o
 .debug_aranges
                0x00000c28      0x168 ./Drivers/STM32F4xx_HAL_Driver/Src/stm32f4xx_hal_tim_ex.o
 .debug_aranges
                0x00000d90      0x188 ./Drivers/STM32F4xx_HAL_Driver/Src/stm32f4xx_ll_sdmmc.o

.debug_rnglists
                0x00000000      0xb8d
 .debug_rnglists
                0x00000000       0x20 ./Core/Src/can.o
 .debug_rnglists
                0x00000020       0x13 ./Core/Src/dma.o
 .debug_rnglists
                0x00000033       0x14 ./Core/Src/gpio.o
 .debug_rnglists
                0x00000047       0x20 ./Core/Src/main.o
 .debug_rnglists
                0x00000067       0x20 ./Core/Src/sdio.o
 .debug_rnglists
                0x00000087       0x13 ./Core/Src/stm32f4xx_hal_msp.o
 .debug_rnglists
                0x0000009a       0x55 ./Core/Src/stm32f4xx_it.o
 .debug_rnglists
                0x000000ef       0x1a ./Core/Src/system_stm32f4xx.o
 .debug_rnglists
                0x00000109       0x54 ./Core/Src/tim.o
 .debug_rnglists
                0x0000015d       0x19 ./Core/Startup/startup_stm32f405rgtx.o
 .debug_rnglists
                0x00000176       0xaf ./Drivers/STM32F4xx_HAL_Driver/Src/stm32f4xx_hal.o
 .debug_rnglists
                0x00000225       0xee ./Drivers/STM32F4xx_HAL_Driver/Src/stm32f4xx_hal_can.o
 .debug_rnglists
                0x00000313       0xe0 ./Drivers/STM32F4xx_HAL_Driver/Src/stm32f4xx_hal_cortex.o
 .debug_rnglists
                0x000003f3       0x70 ./Drivers/STM32F4xx_HAL_Driver/Src/stm32f4xx_hal_dma.o
 .debug_rnglists
                0x00000463       0x3f ./Drivers/STM32F4xx_HAL_Driver/Src/stm32f4xx_hal_gpio.o
 .debug_rnglists
                0x000004a2       0x66 ./Drivers/STM32F4xx_HAL_Driver/Src/stm32f4xx_hal_rcc.o
 .debug_rnglists
                0x00000508      0x121 ./Drivers/STM32F4xx_HAL_Driver/Src/stm32f4xx_hal_sd.o
 .debug_rnglists
                0x00000629      0x31a ./Drivers/STM32F4xx_HAL_Driver/Src/stm32f4xx_hal_tim.o
 .debug_rnglists
                0x00000943      0x125 ./Drivers/STM32F4xx_HAL_Driver/Src/stm32f4xx_hal_tim_ex.o
 .debug_rnglists
                0x00000a68      0x125 ./Drivers/STM32F4xx_HAL_Driver/Src/stm32f4xx_ll_sdmmc.o

.debug_macro    0x00000000    0x20a80
 .debug_macro   0x00000000      0x200 ./Core/Src/can.o
 .debug_macro   0x00000200      0xab4 ./Core/Src/can.o
 .debug_macro   0x00000cb4      0x2a1 ./Core/Src/can.o
 .debug_macro   0x00000f55       0x2e ./Core/Src/can.o
 .debug_macro   0x00000f83       0x2f ./Core/Src/can.o
 .debug_macro   0x00000fb2       0x22 ./Core/Src/can.o
 .debug_macro   0x00000fd4       0x8e ./Core/Src/can.o
 .debug_macro   0x00001062       0x51 ./Core/Src/can.o
 .debug_macro   0x000010b3      0x103 ./Core/Src/can.o
 .debug_macro   0x000011b6       0x6a ./Core/Src/can.o
 .debug_macro   0x00001220      0x1df ./Core/Src/can.o
 .debug_macro   0x000013ff       0x1c ./Core/Src/can.o
 .debug_macro   0x0000141b       0x22 ./Core/Src/can.o
 .debug_macro   0x0000143d       0xfb ./Core/Src/can.o
 .debug_macro   0x00001538     0x1011 ./Core/Src/can.o
 .debug_macro   0x00002549      0x11f ./Core/Src/can.o
 .debug_macro   0x00002668    0x1426d ./Core/Src/can.o
 .debug_macro   0x000168d5       0x6d ./Core/Src/can.o
 .debug_macro   0x00016942     0x369a ./Core/Src/can.o
 .debug_macro   0x00019fdc      0x189 ./Core/Src/can.o
 .debug_macro   0x0001a165       0x5c ./Core/Src/can.o
 .debug_macro   0x0001a1c1      0x8bc ./Core/Src/can.o
 .debug_macro   0x0001aa7d      0x9e9 ./Core/Src/can.o
 .debug_macro   0x0001b466      0x115 ./Core/Src/can.o
 .debug_macro   0x0001b57b      0x130 ./Core/Src/can.o
 .debug_macro   0x0001b6ab       0xa5 ./Core/Src/can.o
 .debug_macro   0x0001b750      0x174 ./Core/Src/can.o
 .debug_macro   0x0001b8c4      0x287 ./Core/Src/can.o
 .debug_macro   0x0001bb4b       0x5f ./Core/Src/can.o
 .debug_macro   0x0001bbaa      0x236 ./Core/Src/can.o
 .debug_macro   0x0001bde0      0x40f ./Core/Src/can.o
 .debug_macro   0x0001c1ef      0x12c ./Core/Src/can.o
 .debug_macro   0x0001c31b      0x21e ./Core/Src/can.o
 .debug_macro   0x0001c539       0x2e ./Core/Src/can.o
 .debug_macro   0x0001c567      0x127 ./Core/Src/can.o
 .debug_macro   0x0001c68e       0x7e ./Core/Src/can.o
 .debug_macro   0x0001c70c       0x89 ./Core/Src/can.o
 .debug_macro   0x0001c795      0x868 ./Core/Src/can.o
 .debug_macro   0x0001cffd      0x1d5 ./Core/Src/can.o
 .debug_macro   0x0001d1d2      0x8ed ./Core/Src/can.o
 .debug_macro   0x0001dabf       0x4d ./Core/Src/can.o
 .debug_macro   0x0001db0c      0x12d ./Core/Src/can.o
 .debug_macro   0x0001dc39       0x70 ./Core/Src/can.o
 .debug_macro   0x0001dca9      0x200 ./Core/Src/dma.o
 .debug_macro   0x0001dea9      0x200 ./Core/Src/gpio.o
 .debug_macro   0x0001e0a9      0x304 ./Core/Src/main.o
 .debug_macro   0x0001e3ad       0x61 ./Core/Src/main.o
 .debug_macro   0x0001e40e       0x2a ./Core/Src/main.o
 .debug_macro   0x0001e438       0x43 ./Core/Src/main.o
 .debug_macro   0x0001e47b       0x34 ./Core/Src/main.o
 .debug_macro   0x0001e4af       0x16 ./Core/Src/main.o
 .debug_macro   0x0001e4c5       0x35 ./Core/Src/main.o
 .debug_macro   0x0001e4fa      0x369 ./Core/Src/main.o
 .debug_macro   0x0001e863       0x10 ./Core/Src/main.o
 .debug_macro   0x0001e873       0x16 ./Core/Src/main.o
 .debug_macro   0x0001e889       0x43 ./Core/Src/main.o
 .debug_macro   0x0001e8cc       0x34 ./Core/Src/main.o
 .debug_macro   0x0001e900       0x10 ./Core/Src/main.o
 .debug_macro   0x0001e910       0x58 ./Core/Src/main.o
 .debug_macro   0x0001e968       0x8e ./Core/Src/main.o
 .debug_macro   0x0001e9f6       0x1c ./Core/Src/main.o
 .debug_macro   0x0001ea12      0x177 ./Core/Src/main.o
 .debug_macro   0x0001eb89       0x16 ./Core/Src/main.o
 .debug_macro   0x0001eb9f       0x16 ./Core/Src/main.o
 .debug_macro   0x0001ebb5      0x146 ./Core/Src/main.o
 .debug_macro   0x0001ecfb      0x200 ./Core/Src/sdio.o
 .debug_macro   0x0001eefb      0x1f6 ./Core/Src/stm32f4xx_hal_msp.o
 .debug_macro   0x0001f0f1      0x200 ./Core/Src/stm32f4xx_it.o
 .debug_macro   0x0001f2f1      0x1e7 ./Core/Src/system_stm32f4xx.o
 .debug_macro   0x0001f4d8      0x200 ./Core/Src/tim.o
 .debug_macro   0x0001f6d8      0x247 ./Drivers/STM32F4xx_HAL_Driver/Src/stm32f4xx_hal.o
 .debug_macro   0x0001f91f      0x1f6 ./Drivers/STM32F4xx_HAL_Driver/Src/stm32f4xx_hal_can.o
 .debug_macro   0x0001fb15      0x1e7 ./Drivers/STM32F4xx_HAL_Driver/Src/stm32f4xx_hal_cortex.o
 .debug_macro   0x0001fcfc      0x1ed ./Drivers/STM32F4xx_HAL_Driver/Src/stm32f4xx_hal_dma.o
 .debug_macro   0x0001fee9      0x1ed ./Drivers/STM32F4xx_HAL_Driver/Src/stm32f4xx_hal_gpio.o
 .debug_macro   0x000200d6      0x20b ./Drivers/STM32F4xx_HAL_Driver/Src/stm32f4xx_hal_rcc.o
 .debug_macro   0x000202e1      0x1e8 ./Drivers/STM32F4xx_HAL_Driver/Src/stm32f4xx_hal_sd.o
 .debug_macro   0x000204c9      0x1e8 ./Drivers/STM32F4xx_HAL_Driver/Src/stm32f4xx_hal_tim.o
 .debug_macro   0x000206b1      0x1e7 ./Drivers/STM32F4xx_HAL_Driver/Src/stm32f4xx_hal_tim_ex.o
 .debug_macro   0x00020898      0x1e8 ./Drivers/STM32F4xx_HAL_Driver/Src/stm32f4xx_ll_sdmmc.o

.debug_line     0x00000000    0x11287
 .debug_line    0x00000000      0x726 ./Core/Src/can.o
 .debug_line    0x00000726      0x6b6 ./Core/Src/dma.o
 .debug_line    0x00000ddc      0x6ff ./Core/Src/gpio.o
 .debug_line    0x000014db      0x8b0 ./Core/Src/main.o
 .debug_line    0x00001d8b      0x796 ./Core/Src/sdio.o
 .debug_line    0x00002521      0x6b8 ./Core/Src/stm32f4xx_hal_msp.o
 .debug_line    0x00002bd9      0x7c3 ./Core/Src/stm32f4xx_it.o
 .debug_line    0x0000339c      0x73d ./Core/Src/system_stm32f4xx.o
 .debug_line    0x00003ad9      0x930 ./Core/Src/tim.o
 .debug_line    0x00004409       0x7a ./Core/Startup/startup_stm32f405rgtx.o
 .debug_line    0x00004483      0x9a6 ./Drivers/STM32F4xx_HAL_Driver/Src/stm32f4xx_hal.o
 .debug_line    0x00004e29     0x1155 ./Drivers/STM32F4xx_HAL_Driver/Src/stm32f4xx_hal_can.o
 .debug_line    0x00005f7e      0xc98 ./Drivers/STM32F4xx_HAL_Driver/Src/stm32f4xx_hal_cortex.o
 .debug_line    0x00006c16      0xf16 ./Drivers/STM32F4xx_HAL_Driver/Src/stm32f4xx_hal_dma.o
 .debug_line    0x00007b2c      0xb32 ./Drivers/STM32F4xx_HAL_Driver/Src/stm32f4xx_hal_gpio.o
 .debug_line    0x0000865e      0xd2f ./Drivers/STM32F4xx_HAL_Driver/Src/stm32f4xx_hal_rcc.o
 .debug_line    0x0000938d     0x1edf ./Drivers/STM32F4xx_HAL_Driver/Src/stm32f4xx_hal_sd.o
 .debug_line    0x0000b26c     0x374a ./Drivers/STM32F4xx_HAL_Driver/Src/stm32f4xx_hal_tim.o
 .debug_line    0x0000e9b6     0x199c ./Drivers/STM32F4xx_HAL_Driver/Src/stm32f4xx_hal_tim_ex.o
 .debug_line    0x00010352      0xf35 ./Drivers/STM32F4xx_HAL_Driver/Src/stm32f4xx_ll_sdmmc.o

.debug_str      0x00000000    0xc5bc1
 .debug_str     0x00000000    0xbdf73 ./Core/Src/can.o
                              0xbe232 (size before relaxing)
 .debug_str     0x000bdf73      0x50b ./Core/Src/dma.o
                              0xbe3b5 (size before relaxing)
 .debug_str     0x000be47e       0x68 ./Core/Src/gpio.o
                              0xbdf84 (size before relaxing)
 .debug_str     0x000be4e6     0x38f1 ./Core/Src/main.o
                              0xc1870 (size before relaxing)
 .debug_str     0x000c1dd7      0x48e ./Core/Src/sdio.o
                              0xbe9b4 (size before relaxing)
 .debug_str     0x000c2265       0x2c ./Core/Src/stm32f4xx_hal_msp.o
                              0xbdeb9 (size before relaxing)
 .debug_str     0x000c2291      0x11e ./Core/Src/stm32f4xx_it.o
                              0xbe380 (size before relaxing)
 .debug_str     0x000c23af       0xdb ./Core/Src/system_stm32f4xx.o
                              0xbdddd (size before relaxing)
 .debug_str     0x000c248a      0x588 ./Core/Src/tim.o
                              0xbe80a (size before relaxing)
 .debug_str     0x000c2a12       0x44 ./Core/Startup/startup_stm32f405rgtx.o
                                 0x64 (size before relaxing)
 .debug_str     0x000c2a56      0x606 ./Drivers/STM32F4xx_HAL_Driver/Src/stm32f4xx_hal.o
                              0xbe940 (size before relaxing)
 .debug_str     0x000c305c      0x595 ./Drivers/STM32F4xx_HAL_Driver/Src/stm32f4xx_hal_can.o
                              0xbe4d7 (size before relaxing)
 .debug_str     0x000c35f1      0x36b ./Drivers/STM32F4xx_HAL_Driver/Src/stm32f4xx_hal_cortex.o
                              0xbe6bc (size before relaxing)
 .debug_str     0x000c395c      0x2ee ./Drivers/STM32F4xx_HAL_Driver/Src/stm32f4xx_hal_dma.o
                              0xbe1f7 (size before relaxing)
 .debug_str     0x000c3c4a      0x10e ./Drivers/STM32F4xx_HAL_Driver/Src/stm32f4xx_hal_gpio.o
                              0xbdf58 (size before relaxing)
 .debug_str     0x000c3d58      0x233 ./Drivers/STM32F4xx_HAL_Driver/Src/stm32f4xx_hal_rcc.o
                              0xbe211 (size before relaxing)
 .debug_str     0x000c3f8b      0x901 ./Drivers/STM32F4xx_HAL_Driver/Src/stm32f4xx_hal_sd.o
                              0xbeb56 (size before relaxing)
 .debug_str     0x000c488c      0xc76 ./Drivers/STM32F4xx_HAL_Driver/Src/stm32f4xx_hal_tim.o
                              0xbf167 (size before relaxing)
 .debug_str     0x000c5502      0x493 ./Drivers/STM32F4xx_HAL_Driver/Src/stm32f4xx_hal_tim_ex.o
                              0xbe973 (size before relaxing)
 .debug_str     0x000c5995      0x22c ./Drivers/STM32F4xx_HAL_Driver/Src/stm32f4xx_ll_sdmmc.o
                              0xbe264 (size before relaxing)

.comment        0x00000000       0x43
 .comment       0x00000000       0x43 ./Core/Src/can.o
                                 0x44 (size before relaxing)
 .comment       0x00000043       0x44 ./Core/Src/dma.o
 .comment       0x00000043       0x44 ./Core/Src/gpio.o
 .comment       0x00000043       0x44 ./Core/Src/main.o
 .comment       0x00000043       0x44 ./Core/Src/sdio.o
 .comment       0x00000043       0x44 ./Core/Src/stm32f4xx_hal_msp.o
 .comment       0x00000043       0x44 ./Core/Src/stm32f4xx_it.o
 .comment       0x00000043       0x44 ./Core/Src/system_stm32f4xx.o
 .comment       0x00000043       0x44 ./Core/Src/tim.o
 .comment       0x00000043       0x44 ./Drivers/STM32F4xx_HAL_Driver/Src/stm32f4xx_hal.o
 .comment       0x00000043       0x44 ./Drivers/STM32F4xx_HAL_Driver/Src/stm32f4xx_hal_can.o
 .comment       0x00000043       0x44 ./Drivers/STM32F4xx_HAL_Driver/Src/stm32f4xx_hal_cortex.o
 .comment       0x00000043       0x44 ./Drivers/STM32F4xx_HAL_Driver/Src/stm32f4xx_hal_dma.o
 .comment       0x00000043       0x44 ./Drivers/STM32F4xx_HAL_Driver/Src/stm32f4xx_hal_gpio.o
 .comment       0x00000043       0x44 ./Drivers/STM32F4xx_HAL_Driver/Src/stm32f4xx_hal_rcc.o
 .comment       0x00000043       0x44 ./Drivers/STM32F4xx_HAL_Driver/Src/stm32f4xx_hal_sd.o
 .comment       0x00000043       0x44 ./Drivers/STM32F4xx_HAL_Driver/Src/stm32f4xx_hal_tim.o
 .comment       0x00000043       0x44 ./Drivers/STM32F4xx_HAL_Driver/Src/stm32f4xx_hal_tim_ex.o
 .comment       0x00000043       0x44 ./Drivers/STM32F4xx_HAL_Driver/Src/stm32f4xx_ll_sdmmc.o

.debug_frame    0x00000000     0x3ec0
 .debug_frame   0x00000000       0x74 ./Core/Src/can.o
 .debug_frame   0x00000074       0x34 ./Core/Src/dma.o
 .debug_frame   0x000000a8       0x34 ./Core/Src/gpio.o
 .debug_frame   0x000000dc       0x6c ./Core/Src/main.o
 .debug_frame   0x00000148       0x74 ./Core/Src/sdio.o
 .debug_frame   0x000001bc       0x38 ./Core/Src/stm32f4xx_hal_msp.o
 .debug_frame   0x000001f4      0x158 ./Core/Src/stm32f4xx_it.o
 .debug_frame   0x0000034c       0x58 ./Core/Src/system_stm32f4xx.o
 .debug_frame   0x000003a4      0x1ac ./Core/Src/tim.o
 .debug_frame   0x00000550      0x374 ./Drivers/STM32F4xx_HAL_Driver/Src/stm32f4xx_hal.o
 .debug_frame   0x000008c4      0x5a0 ./Drivers/STM32F4xx_HAL_Driver/Src/stm32f4xx_hal_can.o
 .debug_frame   0x00000e64      0x508 ./Drivers/STM32F4xx_HAL_Driver/Src/stm32f4xx_hal_cortex.o
 .debug_frame   0x0000136c      0x250 ./Drivers/STM32F4xx_HAL_Driver/Src/stm32f4xx_hal_dma.o
 .debug_frame   0x000015bc      0x14c ./Drivers/STM32F4xx_HAL_Driver/Src/stm32f4xx_hal_gpio.o
 .debug_frame   0x00001708      0x1f4 ./Drivers/STM32F4xx_HAL_Driver/Src/stm32f4xx_hal_rcc.o
 .debug_frame   0x000018fc      0x650 ./Drivers/STM32F4xx_HAL_Driver/Src/stm32f4xx_hal_sd.o
 .debug_frame   0x00001f4c     0x11c0 ./Drivers/STM32F4xx_HAL_Driver/Src/stm32f4xx_hal_tim.o
 .debug_frame   0x0000310c      0x638 ./Drivers/STM32F4xx_HAL_Driver/Src/stm32f4xx_hal_tim_ex.o
 .debug_frame   0x00003744      0x6d0 ./Drivers/STM32F4xx_HAL_Driver/Src/stm32f4xx_ll_sdmmc.o
 .debug_frame   0x00003e14       0x20 /opt/st/stm32cubeide_1.17.0/plugins/com.st.stm32cube.ide.mcu.externaltools.gnu-tools-for-stm32.12.3.rel1.linux64_1.1.0.202410170702/tools/bin/../lib/gcc/arm-none-eabi/12.3.1/../../../../arm-none-eabi/lib/thumb/v7e-m+fp/hard/libc_nano.a(libc_a-memset.o)
 .debug_frame   0x00003e34       0x2c /opt/st/stm32cubeide_1.17.0/plugins/com.st.stm32cube.ide.mcu.externaltools.gnu-tools-for-stm32.12.3.rel1.linux64_1.1.0.202410170702/tools/bin/../lib/gcc/arm-none-eabi/12.3.1/../../../../arm-none-eabi/lib/thumb/v7e-m+fp/hard/libc_nano.a(libc_a-init.o)
 .debug_frame   0x00003e60       0x2c /opt/st/stm32cubeide_1.17.0/plugins/com.st.stm32cube.ide.mcu.externaltools.gnu-tools-for-stm32.12.3.rel1.linux64_1.1.0.202410170702/tools/bin/../lib/gcc/arm-none-eabi/12.3.1/thumb/v7e-m+fp/hard/libgcc.a(_aeabi_uldivmod.o)
 .debug_frame   0x00003e8c       0x34 /opt/st/stm32cubeide_1.17.0/plugins/com.st.stm32cube.ide.mcu.externaltools.gnu-tools-for-stm32.12.3.rel1.linux64_1.1.0.202410170702/tools/bin/../lib/gcc/arm-none-eabi/12.3.1/thumb/v7e-m+fp/hard/libgcc.a(_udivmoddi4.o)

.debug_line_str
                0x00000000       0x48
 .debug_line_str
                0x00000000       0x48 ./Core/Startup/startup_stm32f405rgtx.o
